T1 p Strong Winds: Dry winds @ the whole land [heart 1100 · winds 1100 · stone 1100 · ironf 1100] | heart:send_scouts ironf:research_agriculture stone:housing_stone_at_6222 winds:send_scouts
    Hearthwood grew by 10% on plentiful food.
      Windstep grew by 10% on plentiful food (1,000 → 1,100).
      Stonehaven grew by 10% on plentiful food (1,000 → 1,100).
      Ironfang grew by 10% on plentiful food (1,000 → 1,100).
T2 n Pollinator Bloom: In the meadows @ the northern region [heart 1155 · winds 1155 · stone 1210 · ironf 1210] | heart:farm_at_9378 ironf:research_continue stone:send_scouts winds:found_settlement_at_7559
    Helped by the pollinator bloom, Stonehaven grew by 10% on plentiful food.
      Ironfang grew by 10% on plentiful food (1,100 → 1,210).
      Helped by the pollinator bloom, Hearthwood grew by 5% on plentiful food (1,100 → 1,155).
      Windstep grew by 5% on plentiful food (1,100 → 1,155).
T3 p Storehouse Air: Dry breeze @ the northern region [heart 1270 · winds 1212 · stone 1331 · ironf 1270] | heart:found_settlement_at_5789 ironf:housing_camp stone:found_settlement_at_5789 winds:found_settlement_at_3482
    Helped by the dry breeze, Stonehaven grew by 10% on plentiful food.
      Hearthwood grew by 10% on plentiful food (1,155 → 1,270).
T4 n Windstorm Deposits: Driftwood and shoals @ the whole land [heart 1334 · winds 1273 · stone 1397 · ironf 1334] | heart:housing_wood_at_9380 ironf:research_fishing stone:found_settlement_at_5789 winds:gather_food
    Hearthwood grew by 5% on plentiful food.
      Ironfang grew by 5% on plentiful food (1,270 → 1,334).
      Windstep grew by 5% on plentiful food (1,212 → 1,273).
T5 p Herd Migration: Herds crowd the meadows @ the western region [heart 1467 · winds 1337 · stone 1467 · ironf 1400] | heart:farm_at_9529 ironf:research_continue stone:gather_food winds:gather_food
    Hearthwood grew by 10% on plentiful food.
      Windstep grew by 5% on plentiful food (1,273 → 1,337).
      Stonehaven grew by 5% on plentiful food (1,397 → 1,467).
T6 n Crop Pest: Blight on wild fruit @ the south-eastern region [heart 1540 · winds 1470 · stone 1540 · ironf 1252] | heart:send_scouts ironf:gather_food stone:fishery_at_6221 winds:gather_food
    Hit by the blight on wild fruit, Ironfang lost 11% of its people to hunger, while Windstep grew by 10% on plentiful food.
T7 p Snowfall: Deep snow @ the western region [heart 1617 · winds 1544 · stone 1617 · ironf 812] | heart:found_settlement_at_8205 ironf:gather_food stone:gather_food winds:gather_food
    Ironfang lost a third of its people to hunger as winter stores ran low, while Windstep grew by 5% on plentiful food.
      Hearthwood grew by 5% on plentiful food (1,540 → 1,617).
      Stonehaven grew by 5% on plentiful food (1,540 → 1,617).
T8 n Sickness: Plague @ the south-eastern region [heart 1698 · winds 1621 · stone 1698 · ironf 352] | heart:gather_food ironf:gather_food stone:gather_food winds:gather_food
    Hit by the plague, Ironfang lost half of its people to sickness and hunger, while Hearthwood grew by 5% on plentiful food.
      Stonehaven grew by 5% on plentiful food (1,617 → 1,698).
T9 p Recovering Ground: Grass @ the whole land [heart 1783 · winds 1702 · stone 1783 · ironf 352] | heart:gather_food ironf:gather_food stone:gather_food winds:send_scouts
    Hearthwood grew by 5% on plentiful food.
      Stonehaven grew by 5% on plentiful food (1,698 → 1,783).
T10 n Fish Spawning: Failed spawning @ the south-eastern region [heart 1872 · winds 1787 · stone 1872 · ironf 370] | heart:gather_food ironf:gather_food stone:gather_food winds:found_settlement_at_2866
    Ironfang grew by 5% on plentiful food.
T11 p River Flow: Steady flow @ the north-eastern region [heart 1966 · winds 1876 · stone 1966 · ironf 388] | heart:gather_food ironf:gather_food stone:fishery_at_6369 winds:found_settlement_at_12202
    Hearthwood grew by 5% on plentiful food.
      Helped by the steady flow, Stonehaven grew by 5% on plentiful food (1,872 → 1,966).
T12 n A Thriving Species: Grazers @ the south-eastern region [heart 1928 · winds 1875 · stone 2064 · ironf 408] | heart:gather_food ironf:gather_food stone:housing_stone_at_5939 winds:gather_food
    Ironfang grew by 5% on plentiful food.
T13 p Seeds on the Wind: Lumber trees @ the whole land [heart 1676 · winds 1969 · stone 2167 · ironf 428] | heart:housing_wood_at_8055 ironf:gather_food stone:gather_food winds:gather_food
    Hearthwood lost 13% of its people to hunger, while Windstep grew by 5% on plentiful food.
T14 n Landslide: Mudslide in the fields @ the western region [heart 1760 · winds 2068 · stone 2276 · ironf 450] | heart:gather_food ironf:gather_food stone:gather_food winds:gather_food
    Ironfang grew by 5% on plentiful food.
      Stonehaven grew by 5% on plentiful food (2,167 → 2,276).
      Windstep grew by 5% on plentiful food (1,969 → 2,068).
      Hearthwood grew by 5% on plentiful food (1,676 → 1,760).
T15 p Winter's Character: Wet winter @ the northern region [heart 1409 · winds 1926 · stone 2000 · ironf 472] | heart:gather_food ironf:gather_food stone:gather_food winds:gather_food
    Hearthwood lost a fifth of its people to hunger as winter stores ran low.
      Hit by the wet winter, Stonehaven lost 12% of its people to hunger (2,276 → 2,000).
      Hit by the wet winter, Windstep lost 7% of its people to hunger (2,068 → 1,926).
T16 n Recovery: Soil @ the whole land [heart 1109 · winds 1713 · stone 1714 · ironf 496] | heart:gather_food ironf:gather_food stone:gather_food winds:gather_food
    Hearthwood lost a fifth of its people to hunger as winter stores ran low, while Ironfang grew by 5% on plentiful food.
      Stonehaven lost 14% of its people to hunger as winter stores ran low (2,000 → 1,714).
      Windstep lost 11% of its people to hunger as winter stores ran low (1,926 → 1,713).
T17 p Wildlife Recovery: Gradually @ the whole land [heart 1109 · winds 1711 · stone 1799 · ironf 520] | heart:gather_food ironf:gather_food stone:fishery_at_5769 winds:gather_food
    Gradually: a quiet turn. No tribe gained or lost more than 5% of its people.
T18 n Spreading Vegetation: Wild grain @ the whole land [heart 1109 · winds 1710 · stone 1889 · ironf 546] | heart:gather_food ironf:gather_food stone:gather_food winds:gather_food
    Stonehaven grew by 5% on plentiful food.
      Ironfang grew by 5% on plentiful food (520 → 546).
T19 p Lightning Season: Heavy rain @ the north-western region [heart 1164 · winds 1710 · stone 1984 · ironf 574] | heart:gather_food ironf:gather_food stone:gather_food winds:gather_food
    Ironfang grew by 5% on plentiful food.
      Stonehaven grew by 5% on plentiful food (1,889 → 1,984).
T20 n Changing Soil: Parched soil @ the eastern region [heart 1222 · winds 1710 · stone 2083 · ironf 602] | heart:send_scouts ironf:gather_food stone:gather_food winds:gather_food
    Parched soil: a quiet turn. No tribe gained or lost more than 5% of its people.
T21 p Storm Season: Persistent storms @ the north-western region [heart 1283 · winds 1710 · stone 2187 · ironf 590] | heart:found_settlement_at_14038 ironf:gather_food stone:gather_food winds:gather_food
    Persistent storms: a quiet turn. No tribe gained or lost more than 5% of its people.
T22 n Length of the Harvest: Long golden autumn @ the whole land [heart 1412 · winds 1795 · stone 2050 · ironf 570] | heart:found_settlement_at_8527 ironf:gather_food stone:housing_stone_at_5639 winds:gather_food
    Stonehaven lost 6% of its people to hunger, while Hearthwood grew by 10% on plentiful food.
T23 p Winter Ice: Thick ice @ the whole land [heart 1553 · winds 1699 · stone 1469 · ironf 494] | heart:gather_food ironf:gather_food stone:gather_food winds:gather_food
    Stonehaven lost a quarter of its people to hunger as winter stores ran low, while Hearthwood grew by 10% on plentiful food.
      Ironfang lost 13% of its people to hunger as winter stores ran low (570 → 494).
      Windstep lost 5% of its people to hunger as winter stores ran low (1,795 → 1,699).
T24 n Natural Shelter: Caves @ the whole land [heart 1630 · winds 1576 · stone 1121 · ironf 448] | heart:gather_food ironf:gather_food stone:gather_food winds:gather_food
    Stonehaven lost a quarter of its people to hunger as winter stores ran low.
      Ironfang lost 9% of its people to hunger as winter stores ran low (494 → 448).
      Windstep lost 7% of its people to hunger as winter stores ran low (1,699 → 1,576).
T25 p Shifting Edges: Mixed edge grows @ the whole land [heart 1712 · winds 1576 · stone 1121 · ironf 448] | heart:gather_food ironf:gather_food stone:gather_food winds:gather_food
    Hearthwood grew by 5% on plentiful food.
T26 n Erosion: Caves @ the whole land [heart 1798 · winds 1576 · stone 1121 · ironf 448] | heart:gather_food ironf:gather_food stone:gather_food winds:gather_food
    Hearthwood grew by 5% on plentiful food.
T27 p Forest Understory: Berries @ the whole land [heart 1887 · winds 1576 · stone 1121 · ironf 448] | heart:gather_food ironf:gather_food stone:gather_food winds:gather_food
    Berries: a quiet turn. No tribe gained or lost more than 5% of its people.
T28 n Season of Rain: Gentle rains @ the north-western region [heart 1982 · winds 1576 · stone 1233 · ironf 448] | heart:gather_food ironf:gather_food stone:fishery_at_6069 winds:gather_food
    Stonehaven grew by 10% on plentiful food.
      Hearthwood grew by 5% on plentiful food (1,887 → 1,982).
T29 p Before Winter: Early frost @ the whole land [heart 2081 · winds 1655 · stone 1356 · ironf 448] | heart:gather_food ironf:gather_food stone:gather_food winds:gather_food
    Stonehaven grew by 10% on plentiful food.
      Windstep grew by 5% on plentiful food (1,576 → 1,655).
T30 n Wild Harvest: Nuts @ the north-eastern region [heart 2185 · winds 1738 · stone 1492 · ironf 448] | heart:gather_food ironf:gather_food stone:gather_food winds:gather_food
    Helped by the nuts, Stonehaven grew by 10% on plentiful food.
      Windstep grew by 5% on plentiful food (1,655 → 1,738).
T31 p Deep Cold: Long freeze @ the whole land [heart 2294 · winds 1825 · stone 1567 · ironf 448] | heart:gather_food ironf:gather_food stone:gather_food winds:gather_food
    Stonehaven grew by 5% on plentiful food.
      Windstep grew by 5% on plentiful food (1,738 → 1,825).
T32 n Natural Shelter: Caves @ the whole land [heart 2409 · winds 1815 · stone 1645 · ironf 448] | heart:gather_food ironf:gather_food stone:fishery_at_6522 winds:gather_food
    Hearthwood grew by 5% on plentiful food.
T33 p The Thaw: Gradual thaw @ the south-western region [heart 2177 · winds 1771 · stone 1727 · ironf 471] | heart:gather_food ironf:gather_food stone:gather_food winds:gather_food
    Hearthwood lost 10% of its people to hunger, while Ironfang grew by 5% on plentiful food.
T34 n Pollinator Bloom: In the meadows @ the western region [heart 2027 · winds 1741 · stone 1814 · ironf 494] | heart:gather_food ironf:gather_food stone:gather_food winds:gather_food
    Hearthwood lost 7% of its people to hunger, while helped by the pollinator bloom, Stonehaven grew by 5% on plentiful food.
T35 p Summer Heat: Cool summer @ the south-eastern region [heart 2128 · winds 1738 · stone 1904 · ironf 519] | heart:gather_food ironf:gather_food stone:gather_food winds:gather_food
    Ironfang grew by 5% on plentiful food.
T36 n A Thriving Species: Pollinators @ the south-western region [heart 2235 · winds 1735 · stone 2000 · ironf 545] | heart:gather_food ironf:gather_food stone:gather_food winds:gather_food
    Stonehaven grew by 5% on plentiful food.
      Hearthwood grew by 5% on plentiful food (2,128 → 2,235).
      Ironfang grew by 5% on plentiful food (519 → 545).
T37 p Erosion: Caves @ the whole land [heart 2346 · winds 1735 · stone 2100 · ironf 572] | heart:gather_food ironf:gather_food stone:fishery_at_5468 winds:gather_food
    Stonehaven grew by 5% on plentiful food.
T38 n Landslide: Mudslide in the fields @ the western region [heart 2464 · winds 1735 · stone 2205 · ironf 601] | heart:gather_food ironf:gather_food stone:gather_food winds:gather_food
    Ironfang grew by 5% on plentiful food.
      Hearthwood grew by 5% on plentiful food (2,346 → 2,464).
      Stonehaven grew by 5% on plentiful food (2,100 → 2,205).
T39 p Winter's Character: Wet winter @ the south-eastern region [heart 2275 · winds 1609 · stone 2315 · ironf 574] | heart:gather_food ironf:gather_food stone:gather_food winds:gather_food
    Hearthwood lost 8% of its people to hunger as winter stores ran low.
      Windstep lost 7% of its people to hunger as winter stores ran low (1,735 → 1,609).
T40 n Sickness: Fever @ the north-western region [heart 1649 · winds 1287 · stone 2431 · ironf 496] | heart:gather_food ironf:gather_food stone:gather_food winds:gather_food
    Hearthwood lost a quarter of its people to hunger as winter stores ran low, while Stonehaven grew by 5% on plentiful food.
      Hit by the fever, Windstep lost a fifth of its people to sickness (1,609 → 1,287).
      Ironfang lost 14% of its people to hunger as winter stores ran low (574 → 496).
T41 p Fish Spawning: Failed spawning @ the north-western region [heart 1649 · winds 1287 · stone 2552 · ironf 489] | heart:gather_food ironf:gather_food stone:gather_food winds:gather_food
    Failed spawning: a quiet turn. No tribe gained or lost more than 5% of its people.
T42 n Recovering Ground: Saplings @ the whole land [heart 1649 · winds 1287 · stone 2452 · ironf 485] | heart:gather_food ironf:gather_food stone:gather_food winds:gather_food
    Saplings: a quiet turn. No tribe gained or lost more than 5% of its people.
T43 p River Flow: Great flood @ the north-western region [heart 1731 · winds 1287 · stone 2250 · ironf 485] | heart:gather_food ironf:gather_food stone:gather_food winds:gather_food
    Stonehaven lost 8% of its people to hunger.
T44 n Changing Soil: Parched soil @ the north-eastern region [heart 1818 · winds 1287 · stone 2363 · ironf 485] | heart:gather_food ironf:gather_food stone:gather_food winds:gather_food
    Hearthwood grew by 5% on plentiful food.
      Stonehaven grew by 5% on plentiful food (2,250 → 2,363).
T45 p Recovery: Timber @ the whole land [heart 1909 · winds 1287 · stone 2285 · ironf 485] | heart:gather_food ironf:gather_food stone:gather_food winds:gather_food
    Hearthwood grew by 5% on plentiful food.
T46 n Length of the Harvest: Short harvest @ the whole land [heart 2004 · winds 1287 · stone 2233 · ironf 485] | heart:gather_food ironf:gather_food stone:gather_food winds:gather_food
    Short harvest: a quiet turn. No tribe gained or lost more than 5% of its people.
T47 p Snowfall: Deep snow @ the southern region [heart 2104 · winds 1287 · stone 2007 · ironf 485] | heart:gather_food ironf:gather_food stone:gather_food winds:gather_food
    Stonehaven lost 10% of its people to hunger as winter stores ran low.
T48 n Storm Season: Violent storms @ the north-western region [heart 1843 · winds 1287 · stone 1884 · ironf 462] | heart:gather_food ironf:gather_food stone:gather_food winds:gather_food
    Hearthwood lost 12% of its people to hunger as winter stores ran low.
      Stonehaven lost 6% of its people to hunger as winter stores ran low (2,007 → 1,884).
T49 p Wildlife Recovery: Gradually @ the whole land [heart 1827 · winds 1287 · stone 1884 · ironf 462] | heart:gather_food ironf:gather_food stone:fishery_at_6220 winds:hunt_at_2716
    Gradually: a quiet turn. No tribe gained or lost more than 5% of its people.
T50 n Season of Rain: Gentle rains @ the eastern region [heart 1817 · winds 1351 · stone 1884 · ironf 462] | heart:gather_food ironf:gather_food stone:gather_food winds:gather_food
    Gentle rains: a quiet turn. No tribe gained or lost more than 5% of its people.
T51 p Forest Understory: Berries @ the whole land [heart 1817 · winds 1418 · stone 1884 · ironf 462] | heart:gather_food ironf:gather_food stone:gather_food winds:gather_food
    Berries: a quiet turn. No tribe gained or lost more than 5% of its people.
T52 n Windstorm Deposits: Driftwood and shoals @ the whole land [heart 1817 · winds 1489 · stone 1884 · ironf 462] | heart:gather_food ironf:gather_food stone:gather_food winds:gather_food
    Windstep grew by 5% on plentiful food.
T53 p Strong Winds: Dry winds @ the whole land [heart 1817 · winds 1564 · stone 1884 · ironf 462] | heart:gather_food ironf:gather_food stone:gather_food winds:gather_food
    Windstep grew by 5% on plentiful food.
T54 n Herd Migration: Herds shelter in the forests @ the southern region [heart 1817 · winds 1642 · stone 1884 · ironf 485] | heart:gather_food ironf:gather_food stone:gather_food winds:hunt_at_12348
    Herds shelter in the forests: a quiet turn. No tribe gained or lost more than 5% of its people.
T55 p Winter Ice: Thick ice @ the whole land [heart 1817 · winds 1724 · stone 1884 · ironf 509] | heart:gather_food ironf:gather_food stone:gather_food winds:gather_food
    Thick ice: a quiet turn. No tribe gained or lost more than 5% of its people.
T56 n Deep Cold: Long freeze @ the whole land [heart 1813 · winds 1810 · stone 1644 · ironf 498] | heart:gather_food ironf:gather_food stone:gather_food winds:gather_food
    Hit by the long freeze, Stonehaven lost 13% of its people to hunger.
T57 p Shifting Edges: Forest expands @ the whole land [heart 1729 · winds 1901 · stone 1644 · ironf 490] | heart:gather_food ironf:gather_food stone:gather_food winds:hunt_at_12950
    Windstep grew by 5% on plentiful food.
T58 n Spreading Vegetation: Hardwood @ the whole land [heart 1679 · winds 1996 · stone 1644 · ironf 486] | heart:gather_food ironf:gather_food stone:gather_food winds:hunt_at_3614
    Hardwood: a quiet turn. No tribe gained or lost more than 5% of its people.
T59 p Lightning Season: Forest fire @ the south-western region [heart 1679 · winds 2195 · stone 1644 · ironf 486] | heart:gather_food ironf:gather_food stone:gather_food winds:relocate_to_5595
    Windstep grew by 10% on plentiful food.
T60 n Crop Pest: Blight on wild fruit @ the southern region [heart 1679 · winds 2305 · stone 1644 · ironf 486] | heart:gather_food ironf:gather_food stone:gather_food winds:gather_food
    Windstep grew by 5% on plentiful food.
T61 p Wild Harvest: Nuts @ the southern region [heart 1679 · winds 2420 · stone 1644 · ironf 486] | heart:gather_food ironf:gather_food stone:gather_food winds:gather_food
    Nuts: a quiet turn. No tribe gained or lost more than 5% of its people.
T62 n Before Winter: Clear skies @ the whole land [heart 1679 · winds 2541 · stone 1726 · ironf 486] | heart:farm_at_8206 ironf:gather_food stone:fishery_at_6821 winds:hunt_at_2865
    Windstep grew by 5% on plentiful food.
T63 p Sickness: Plague @ the north-western region [heart 1679 · winds 1678 · stone 1812 · ironf 486] | heart:gather_food ironf:gather_food stone:gather_food winds:gather_food
    Hit by the plague, Windstep lost a third of its people to sickness.
T64 n Snowfall: Deep snow @ the southern region [heart 1679 · winds 1846 · stone 1903 · ironf 462] | heart:gather_food ironf:gather_food stone:gather_food winds:gather_food
    Windstep grew by 10% on plentiful food.
      Stonehaven grew by 5% on plentiful food (1,812 → 1,903).
T65 p Seeds on the Wind: Fruit bushes @ the whole land [heart 1679 · winds 2030 · stone 1998 · ironf 462] | heart:gather_food ironf:gather_food stone:gather_food winds:gather_food
    Windstep grew by 10% on plentiful food.
T66 n Season of Rain: Gentle rains @ the western region [heart 1763 · winds 2233 · stone 2098 · ironf 462] | heart:gather_food ironf:gather_food stone:gather_food winds:research_agriculture
    Helped by the gentle rains, Windstep grew by 10% on plentiful food.
      Helped by the gentle rains, Stonehaven grew by 5% on plentiful food (1,998 → 2,098).
      Hearthwood grew by 5% on plentiful food (1,679 → 1,763).
T67 p Storehouse Air: Rot in the stores @ the north-western region [heart 1851 · winds 2457 · stone 2203 · ironf 462] | heart:research_food_storage ironf:gather_food stone:gather_food winds:research_continue
    Windstep grew by 10% on plentiful food.
      Stonehaven grew by 5% on plentiful food (2,098 → 2,203).
T68 n Changing Soil: Parched soil @ the north-eastern region [heart 1944 · winds 2580 · stone 2313 · ironf 462] | heart:research_continue ironf:gather_food stone:gather_food winds:gather_food
    Hearthwood grew by 5% on plentiful food.
      Windstep grew by 5% on plentiful food (2,457 → 2,580).
T69 p Forest Understory: Sparse growth @ the whole land [heart 2041 · winds 2709 · stone 2428 · ironf 485] | heart:research_continue ironf:gather_food stone:gather_food winds:gather_food
    Windstep grew by 5% on plentiful food.
T70 n Crop Pest: Locusts in the fields @ the southern region [heart 2143 · winds 2844 · stone 2550 · ironf 510] | heart:research_agriculture ironf:gather_food stone:gather_food winds:gather_food
    Ironfang grew by 5% on plentiful food.
      Stonehaven grew by 5% on plentiful food (2,428 → 2,550).
T71 p Deep Cold: Long freeze @ the whole land [heart 2250 · winds 2986 · stone 2677 · ironf 535] | heart:research_continue ironf:gather_food stone:gather_food winds:gather_food
    Long freeze: a quiet turn. No tribe gained or lost more than 5% of its people.
T72 n Winter Ice: Thick ice @ the whole land [heart 2363 · winds 3135 · stone 2079 · ironf 514] | heart:gather_food ironf:gather_food stone:gather_food winds:gather_food
    Stonehaven lost a quarter of its people to hunger as winter stores ran low, while Hearthwood grew by 5% on plentiful food.
T73 p Spreading Vegetation: Hardwood @ the whole land [heart 2481 · winds 3292 · stone 1564 · ironf 500] | heart:gather_food ironf:gather_food stone:gather_food winds:gather_food
    Stonehaven lost a quarter of its people to hunger, while Windstep grew by 5% on plentiful food.
T74 n Recovering Ground: Shrubs @ the whole land [heart 2605 · winds 3457 · stone 1564 · ironf 492] | heart:gather_food ironf:gather_food stone:gather_food winds:housing_camp
    Windstep grew by 5% on plentiful food.
T75 p Summer Heat: Warm summer @ the southern region [heart 2735 · winds 3630 · stone 1564 · ironf 492] | heart:farm_at_8355 ironf:gather_food stone:gather_food winds:gather_food
    Windstep grew by 5% on plentiful food.
T76 n Pollinator Bloom: Along forest edges @ the north-western region [heart 2872 · winds 3811 · stone 1643 · ironf 492] | heart:gather_food ironf:gather_food stone:gather_food winds:housing_camp
    Stonehaven grew by 5% on plentiful food.
      Hearthwood grew by 5% on plentiful food (2,735 → 2,872).
T77 p Landslide: Dammed river @ the north-western region [heart 3016 · winds 4002 · stone 1725 · ironf 492] | heart:gather_food ironf:gather_food stone:gather_food winds:housing_camp
    Hearthwood grew by 5% on plentiful food.
      Windstep grew by 5% on plentiful food (3,811 → 4,002).
T78 n Before Winter: Early frost @ the whole land [heart 3166 · winds 4202 · stone 1811 · ironf 492] | heart:gather_food ironf:gather_food stone:gather_food winds:gather_food
    Early frost: a quiet turn. No tribe gained or lost more than 5% of its people.
T79 p Recovery: Wildlife @ the whole land [heart 3325 · winds 3988 · stone 1901 · ironf 492] | heart:gather_food ironf:gather_food stone:gather_food winds:housing_camp
    Windstep lost 5% of its people to hunger as winter stores ran low, while Hearthwood grew by 5% on plentiful food.
T80 n Storm Season: Violent storms @ the north-western region [heart 3491 · winds 3382 · stone 1997 · ironf 457] | heart:gather_food ironf:gather_food stone:gather_food winds:gather_food
    Hit by the violent storms, Windstep lost 15% of its people to hunger, while Stonehaven grew by 5% on plentiful food.
      Ironfang lost 7% of its people to hunger as winter stores ran low (492 → 457).
T81 p Herd Migration: Herds shelter in the forests @ the south-eastern region [heart 3666 · winds 3252 · stone 2096 · ironf 457] | heart:gather_food ironf:gather_food stone:gather_food winds:gather_food
    Helped by the herd migration, Hearthwood grew by 5% on plentiful food.
T82 n Fish Spawning: Failed spawning @ the north-western region [heart 3849 · winds 3174 · stone 2201 · ironf 457] | heart:gather_food ironf:gather_food stone:gather_food winds:gather_food
    Stonehaven grew by 5% on plentiful food.
T83 p A Thriving Species: Grazers @ the north-western region [heart 4041 · winds 3144 · stone 2311 · ironf 457] | heart:housing_wood_at_8528 ironf:gather_food stone:gather_food winds:gather_food
    Grazers: a quiet turn. No tribe gained or lost more than 5% of its people.
T84 n Shifting Edges: Forest expands @ the whole land [heart 4243 · winds 3301 · stone 2427 · ironf 480] | heart:gather_food ironf:gather_food stone:gather_food winds:gather_food
    Ironfang grew by 5% on plentiful food.
      Stonehaven grew by 5% on plentiful food (2,311 → 2,427).
T85 p Wild Harvest: Mushrooms @ the western region [heart 4455 · winds 3466 · stone 2548 · ironf 504] | heart:housing_wood_at_14039 ironf:gather_food stone:gather_food winds:gather_food
    Ironfang grew by 5% on plentiful food.
T86 n Natural Shelter: Caves @ the whole land [heart 4678 · winds 3639 · stone 2676 · ironf 529] | heart:gather_food ironf:gather_food stone:gather_food winds:gather_food
    Stonehaven grew by 5% on plentiful food.
      Hearthwood grew by 5% on plentiful food (4,455 → 4,678).
T87 p Erosion: Rock shelters @ the whole land [heart 4344 · winds 3454 · stone 2809 · ironf 556] | heart:housing_wood_at_14188 ironf:gather_food stone:gather_food winds:gather_food
    Hearthwood lost 7% of its people to hunger as winter stores ran low, while Ironfang grew by 5% on plentiful food.
      Windstep lost 5% of its people to hunger as winter stores ran low (3,639 → 3,454).
T88 n Winter's Character: Wet winter @ the north-western region [heart 3040 · winds 3061 · stone 2554 · ironf 583] | heart:gather_food ironf:gather_food stone:gather_food winds:gather_food
    Hearthwood lost a third of its people to hunger as winter stores ran low.
      Hit by the wet winter, Windstep lost 11% of its people to hunger (3,454 → 3,061).
      Stonehaven lost 9% of its people to hunger as winter stores ran low (2,809 → 2,554).
T89 p Wildlife Recovery: All at once @ the whole land [heart 3192 · winds 3060 · stone 2436 · ironf 551] | heart:gather_food ironf:gather_food stone:gather_food winds:gather_food
    Ironfang lost 5% of its people to hunger, while Hearthwood grew by 5% on plentiful food.
T90 n The Thaw: Flood thaw @ the eastern region [heart 3352 · winds 2880 · stone 2333 · ironf 522] | heart:gather_food ironf:gather_food stone:gather_food winds:housing_camp
    Windstep lost 6% of its people to hunger, while Hearthwood grew by 5% on plentiful food.
      Ironfang lost 5% of its people to hunger (551 → 522).
T91 p Lightning Season: Scattered strikes @ the north-western region [heart 3519 · winds 2880 · stone 2303 · ironf 521] | heart:gather_food ironf:gather_food stone:gather_food winds:gather_food
    Scattered strikes: a quiet turn. No tribe gained or lost more than 5% of its people.
T92 n Strong Winds: Rain clouds @ the whole land [heart 3695 · winds 2880 · stone 2274 · ironf 520] | heart:farm_at_7905 ironf:gather_food stone:gather_food winds:gather_food
    Hearthwood grew by 5% on plentiful food.
T93 p Length of the Harvest: Short harvest @ the whole land [heart 3880 · winds 2844 · stone 2239 · ironf 520] | heart:gather_food ironf:gather_food stone:gather_food winds:gather_food
    Hearthwood grew by 5% on plentiful food.
T94 n Windstorm Deposits: Driftwood and shoals @ the whole land [heart 4074 · winds 2662 · stone 2239 · ironf 520] | heart:gather_food ironf:gather_food stone:gather_food winds:gather_food
    Windstep lost 6% of its people to hunger, while Hearthwood grew by 5% on plentiful food.
T95 p Natural Shelter: Sheltered banks @ the whole land [heart 4278 · winds 2586 · stone 2239 · ironf 478] | heart:gather_food ironf:gather_food stone:gather_food winds:gather_food
    Ironfang lost 8% of its people to hunger as winter stores ran low, while Hearthwood grew by 5% on plentiful food.
T96 n Winter Ice: Thick ice @ the whole land [heart 3627 · winds 2541 · stone 1754 · ironf 438] | heart:gather_food ironf:gather_food stone:gather_food winds:gather_food
    Stonehaven lost a fifth of its people to hunger as winter stores ran low.
      Hearthwood lost 15% of its people to hunger as winter stores ran low (4,278 → 3,627).
      Ironfang lost 8% of its people to hunger as winter stores ran low (478 → 438).
T97 p River Flow: Low water @ the north-eastern region [heart 3808 · winds 2541 · stone 1359 · ironf 438] | heart:gather_food ironf:gather_food stone:gather_food winds:gather_food
    Hit by the low water, Stonehaven lost a quarter of its people to hunger.
T98 n Recovering Ground: Saplings @ the whole land [heart 3758 · winds 2541 · stone 1359 · ironf 438] | heart:gather_food ironf:gather_food stone:gather_food winds:gather_food
    Saplings: a quiet turn. No tribe gained or lost more than 5% of its people.
T99 p Summer Heat: Cool summer @ the eastern region [heart 3946 · winds 2541 · stone 1359 · ironf 438] | heart:gather_food ironf:gather_food stone:gather_food winds:gather_food
    Hearthwood grew by 5% on plentiful food.
T100 n Spreading Vegetation: Reeds @ the whole land [heart 4143 · winds 2541 · stone 1359 · ironf 438] | heart:gather_food ironf:gather_food stone:gather_food winds:gather_food
    Reeds: a quiet turn. No tribe gained or lost more than 5% of its people.
