T1 p Seeds on the Wind: Wild wheat @ the whole land [heart 1100 · winds 1100 · stone 1100 · ironf 1100] | heart:farm_at_6986 ironf:research_agriculture stone:fishery_at_3520 winds:send_scouts
    Hearthwood grew by 10% on plentiful food.
      Windstep grew by 10% on plentiful food (1,000 → 1,100).
      Stonehaven grew by 10% on plentiful food (1,000 → 1,100).
      Ironfang grew by 10% on plentiful food (1,000 → 1,100).
T2 n Fish Spawning: Scattered spawning @ the eastern region [heart 1210 · winds 1155 · stone 1210 · ironf 1210] | heart:research_fishing ironf:research_continue stone:fishery_at_3370 winds:found_settlement_at_1315
    Hearthwood grew by 10% on plentiful food.
      Stonehaven grew by 10% on plentiful food (1,100 → 1,210).
      Ironfang grew by 10% on plentiful food (1,100 → 1,210).
      Windstep grew by 5% on plentiful food (1,100 → 1,155).
T3 p Season of Rain: Gentle rains @ the north-eastern region [heart 1331 · winds 1212 · stone 1331 · ironf 1331] | heart:research_continue ironf:farm_at_2805 stone:research_agriculture winds:found_settlement_at_7170
    Hearthwood grew by 10% on plentiful food.
      Stonehaven grew by 10% on plentiful food (1,210 → 1,331).
      Ironfang grew by 10% on plentiful food (1,210 → 1,331).
T4 n Sickness: Plague @ the north-eastern region [heart 1259 · winds 1273 · stone 1397 · ironf 1397] | heart:research_agriculture ironf:farm_at_2649 stone:research_continue winds:gather_food
    Hit by the plague, Hearthwood lost 5% of its people to sickness, while Windstep grew by 5% on plentiful food.
T5 p Before Winter: Long rains @ the whole land [heart 1385 · winds 1337 · stone 1467 · ironf 1467] | heart:research_continue ironf:housing_camp stone:housing_stone_at_3669 winds:gather_food
    Hearthwood grew by 10% on plentiful food.
      Windstep grew by 5% on plentiful food (1,273 → 1,337).
      Stonehaven grew by 5% on plentiful food (1,397 → 1,467).
      Ironfang grew by 5% on plentiful food (1,397 → 1,467).
T6 n Herd Migration: Vanishing herds @ the north-eastern region [heart 1523 · winds 1403 · stone 1540 · ironf 1540] | heart:housing_wood_at_6988 ironf:farm_at_2798 stone:farm_at_3519 winds:gather_food
    Hearthwood grew by 10% on plentiful food.
T7 p Winter's Character: Wet winter @ the north-eastern region [heart 1676 · winds 1474 · stone 1617 · ironf 1612] | heart:gather_food ironf:housing_camp stone:gather_food winds:gather_food
    Hearthwood grew by 10% on plentiful food.
      Windstep grew by 5% on plentiful food (1,403 → 1,474).
      Stonehaven grew by 5% on plentiful food (1,540 → 1,617).
T8 n Strong Winds: Rain clouds @ the whole land [heart 1760 · winds 1547 · stone 1697 · ironf 1664] | heart:housing_wood_at_6687 ironf:gather_food stone:gather_food winds:gather_food
    Hearthwood grew by 5% on plentiful food.
T9 p Recovering Ground: Saplings @ the whole land [heart 1848 · winds 1625 · stone 1782 · ironf 1664] | heart:research_masonry ironf:gather_food stone:gather_food winds:gather_food
    Windstep grew by 5% on plentiful food.
      Stonehaven grew by 5% on plentiful food (1,697 → 1,782).
      Hearthwood grew by 5% on plentiful food (1,760 → 1,848).
T10 n Landslide: Forest landslide @ the north-western region [heart 1940 · winds 1706 · stone 1871 · ironf 1664] | heart:research_continue ironf:gather_food stone:gather_food winds:gather_food
    Forest landslide: a quiet turn. No tribe gained or lost more than 5% of its people.
T11 p Recovery: Soil @ the whole land [heart 2037 · winds 1791 · stone 1965 · ironf 1664] | heart:research_continue ironf:gather_food stone:gather_food winds:gather_food
    Stonehaven grew by 5% on plentiful food.
      Hearthwood grew by 5% on plentiful food (1,940 → 2,037).
T12 n Lightning Season: Heavy rain @ the north-eastern region [heart 2241 · winds 1881 · stone 2063 · ironf 1664] | heart:farm_at_6540 ironf:gather_food stone:gather_food winds:gather_food
    Hearthwood grew by 10% on plentiful food.
      Windstep grew by 5% on plentiful food (1,791 → 1,881).
T13 p Natural Shelter: Dense groves @ the whole land [heart 2465 · winds 1935 · stone 2166 · ironf 1573] | heart:housing_stone_at_6836 ironf:raid_windstep stone:housing_stone_at_3668 winds:gather_food
    Ironfang lost 5% of its people to fighting, while Hearthwood grew by 10% on plentiful food.
T14 n Windstorm Deposits: Silt @ the whole land [heart 2711 · winds 2032 · stone 2274 · ironf 1652] | heart:send_scouts ironf:farm_at_2800 stone:gather_food winds:gather_food
    Hearthwood grew by 10% on plentiful food.
      Ironfang grew by 5% on plentiful food (1,573 → 1,652).
      Windstep grew by 5% on plentiful food (1,935 → 2,032).
T15 p Deep Cold: Crisp and dry @ the whole land [heart 2844 · winds 2132 · stone 2214 · ironf 1635] | heart:gather_food ironf:gather_food stone:housing_stone_at_3821 winds:gather_food
    Crisp and dry: a quiet turn. No tribe gained or lost more than 5% of its people.
T16 n Snowfall: Freezing rain @ the north-eastern region [heart 2986 · winds 1966 · stone 1823 · ironf 1590] | heart:housing_stone_at_6838 ironf:gather_food stone:gather_food winds:gather_food
    Stonehaven lost a fifth of its people to hunger as winter stores ran low.
      Windstep lost 8% of its people to hunger as winter stores ran low (2,132 → 1,966).
T17 p Spreading Vegetation: Wild grain @ the whole land [heart 3135 · winds 1863 · stone 1914 · ironf 1590] | heart:farm_at_6989 ironf:gather_food stone:gather_food winds:gather_food
    Windstep lost 5% of its people to hunger.
T18 n Pollinator Bloom: Along forest edges @ the north-eastern region [heart 3292 · winds 1801 · stone 1910 · ironf 1590] | heart:gather_food ironf:gather_food stone:gather_food winds:gather_food
    Hearthwood grew by 5% on plentiful food.
T19 p Forest Understory: Berries @ the whole land [heart 3456 · winds 1780 · stone 2006 · ironf 1590] | heart:gather_food ironf:gather_food stone:gather_food winds:gather_food
    Stonehaven grew by 5% on plentiful food.
T20 n Erosion: Fertile soil @ the whole land [heart 3629 · winds 1768 · stone 2106 · ironf 1590] | heart:found_settlement_at_7706 ironf:housing_camp stone:farm_at_3220 winds:gather_food
    Hearthwood grew by 5% on plentiful food.
T21 p Wild Harvest: Nuts @ the north-eastern region [heart 3811 · winds 1768 · stone 2212 · ironf 1590] | heart:housing_stone_at_7556 ironf:relocate_to_2807 stone:gather_food winds:gather_food
    Stonehaven grew by 5% on plentiful food.
      Hearthwood grew by 5% on plentiful food (3,629 → 3,811).
T22 n Crop Pest: Blight on wild fruit @ the eastern region [heart 4001 · winds 1768 · stone 2322 · ironf 1590] | heart:gather_food ironf:housing_camp stone:gather_food winds:gather_food
    Blight on wild fruit: a quiet turn. No tribe gained or lost more than 5% of its people.
T23 p Winter Ice: Thin ice @ the whole land [heart 4188 · winds 1620 · stone 2438 · ironf 1562] | heart:gather_food ironf:repair_camp stone:gather_food winds:gather_food
    Windstep lost 8% of its people to hunger as winter stores ran low.
T24 n Storm Season: Persistent storms @ the north-western region [heart 4373 · winds 1529 · stone 2191 · ironf 1621] | heart:gather_food ironf:repair_camp stone:gather_food winds:gather_food
    Hit by the persistent storms, Stonehaven lost 10% of its people to hunger.
      Windstep lost 6% of its people to hunger as winter stores ran low (1,620 → 1,529).
T25 p Wildlife Recovery: All at once @ the whole land [heart 4592 · winds 1529 · stone 2045 · ironf 1702] | heart:gather_food ironf:repair_camp stone:gather_food winds:gather_food
    Stonehaven lost 7% of its people to hunger, while Hearthwood grew by 5% on plentiful food.
T26 n River Flow: Great flood @ the eastern region [heart 4821 · winds 1529 · stone 1957 · ironf 1787] | heart:gather_food ironf:repair_camp stone:gather_food winds:gather_food
    Great flood: a quiet turn. No tribe gained or lost more than 5% of its people.
T27 p Changing Soil: Stony soil @ the north-western region [heart 5062 · winds 1529 · stone 1957 · ironf 1877] | heart:gather_food ironf:repair_camp stone:gather_food winds:gather_food
    Ironfang grew by 5% on plentiful food.
T28 n Storehouse Air: Cool nights @ the north-eastern region [heart 5315 · winds 1437 · stone 1957 · ironf 1912] | heart:gather_food ironf:raid_windstep stone:gather_food winds:gather_food
    Windstep lost 6% of its people to fighting.
T29 p Length of the Harvest: Long golden autumn @ the whole land [heart 5581 · winds 1437 · stone 1957 · ironf 2103] | heart:farm_at_7705 ironf:research_food_storage stone:farm_at_3369 winds:gather_food
    Ironfang grew by 10% on plentiful food.
      Hearthwood grew by 5% on plentiful food (5,315 → 5,581).
T30 n Shifting Edges: Meadow expands @ the whole land [heart 5860 · winds 1437 · stone 2153 · ironf 2313] | heart:farm_at_7707 ironf:research_continue stone:farm_at_4127 winds:gather_food
    Stonehaven grew by 10% on plentiful food.
      Ironfang grew by 10% on plentiful food (2,103 → 2,313).
T31 p Windstorm Deposits: Driftwood @ the whole land [heart 6063 · winds 1437 · stone 2261 · ironf 2511] | heart:housing_stone_at_7856 ironf:research_continue stone:research_food_storage winds:gather_food
    Ironfang grew by 9% on plentiful food.
      Stonehaven grew by 5% on plentiful food (2,153 → 2,261).
T32 n Winter's Character: Mild winter @ the eastern region [heart 6326 · winds 1351 · stone 2374 · ironf 2519] | heart:gather_food ironf:raid_windstep stone:research_continue winds:gather_food
    Windstep lost 6% of its people to fighting.
T33 p The Thaw: Gradual thaw @ the north-eastern region [heart 6326 · winds 1270 · stone 2492 · ironf 2565] | heart:gather_food ironf:raid_windstep stone:research_continue winds:gather_food
    Windstep lost 6% of its people to fighting.
T34 n Herd Migration: Herds crowd the meadows @ the south-western region [heart 6326 · winds 1194 · stone 2617 · ironf 2613] | heart:gather_food ironf:raid_windstep stone:gather_food winds:gather_food
    Windstep lost 6% of its people to fighting, while Stonehaven grew by 5% on plentiful food.
T35 p A Thriving Species: Fish @ the northern region [heart 6326 · winds 1170 · stone 2748 · ironf 2469] | heart:gather_food ironf:raid_windstep stone:fishery_at_3822 winds:gather_food
    Ironfang lost 6% of its people to fighting, while helped by the thriving fish, Stonehaven grew by 5% on plentiful food.
T36 n Summer Heat: Warm summer @ the north-eastern region [heart 6326 · winds 1170 · stone 3023 · ironf 2593] | heart:gather_food ironf:farm_at_2657 stone:farm_at_3518 winds:gather_food
    Stonehaven grew by 10% on plentiful food.
      Helped by the warm summer, Ironfang grew by 5% on plentiful food (2,469 → 2,593).
T37 p Landslide: In an empty valley @ the western region [heart 6326 · winds 1100 · stone 3325 · ironf 2766] | heart:gather_food ironf:raid_windstep stone:housing_stone_at_3667 winds:gather_food
    Windstep lost 6% of its people to fighting, while Stonehaven grew by 10% on plentiful food.
      Ironfang grew by 7% on plentiful food (2,593 → 2,766).
T38 n Before Winter: Clear skies @ the whole land [heart 6326 · winds 1034 · stone 3657 · ironf 2683] | heart:farm_at_8009 ironf:raid_windstep stone:housing_stone_at_3818 winds:gather_food
    Windstep lost 6% of its people to fighting, while Stonehaven grew by 10% on plentiful food.
T39 p Recovery: Soil @ the whole land [heart 6217 · winds 972 · stone 4016 · ironf 2558] | heart:gather_food ironf:raid_windstep stone:housing_stone_at_3819 winds:gather_food
    Windstep lost 6% of its people to fighting, while Stonehaven grew by 10% on plentiful food.
T40 n Winter Ice: Thick ice @ the whole land [heart 6419 · winds 914 · stone 4214 · ironf 2687] | heart:gather_food ironf:raid_windstep stone:housing_wood_at_3971 winds:gather_food
    Windstep lost 6% of its people to fighting, while Ironfang grew by 5% on plentiful food.
T41 p Pollinator Bloom: Along forest edges @ the south-western region [heart 6306 · winds 859 · stone 4425 · ironf 2606] | heart:gather_food ironf:raid_windstep stone:gather_food winds:gather_food
    Windstep lost 6% of its people to fighting, while Stonehaven grew by 5% on plentiful food.
T42 n River Flow: Low water @ the north-eastern region [heart 6047 · winds 807 · stone 4646 · ironf 2780] | heart:gather_food ironf:raid_windstep stone:gather_food winds:gather_food
    Windstep lost 6% of its people to fighting, while Ironfang grew by 7% on plentiful food.
T43 p Storehouse Air: Cool nights @ the north-eastern region [heart 6349 · winds 791 · stone 4878 · ironf 2753] | heart:gather_food ironf:raid_windstep stone:gather_food winds:gather_food
    Cool nights: a quiet turn. No tribe gained or lost more than 5% of its people.
T44 n Strong Winds: Rain clouds @ the whole land [heart 6349 · winds 744 · stone 5122 · ironf 2670] | heart:gather_food ironf:raid_windstep stone:farm_at_3219 winds:defend
    Windstep lost 6% of its people to fighting, while Stonehaven grew by 5% on plentiful food.
T45 p Storm Season: Violent storms @ the northern region [heart 6349 · winds 699 · stone 5214 · ironf 2590] | heart:gather_food ironf:raid_windstep stone:housing_stone_at_3368 winds:gather_food
    Windstep lost 6% of its people to fighting.
T46 n Changing Soil: Rich soil @ the eastern region [heart 6667 · winds 657 · stone 5474 · ironf 2763] | heart:housing_wood_at_7136 ironf:raid_windstep stone:farm_at_3517 winds:defend
    Windstep lost 6% of its people to fighting, while Ironfang grew by 7% on plentiful food.
      Helped by the rich soil, Hearthwood grew by 5% on plentiful food (6,349 → 6,667).
T47 p Shifting Edges: Forest expands @ the whole land [heart 6910 · winds 618 · stone 5378 · ironf 2631] | heart:housing_stone_at_7137 ironf:raid_windstep stone:gather_food winds:gather_food
    Windstep lost 6% of its people to fighting.
T48 n Deep Cold: Crisp and dry @ the whole land [heart 7193 · winds 581 · stone 5589 · ironf 2778] | heart:gather_food ironf:raid_windstep stone:gather_food winds:defend
    Windstep lost 6% of its people to fighting, while Ironfang grew by 6% on plentiful food.
T49 p Recovering Ground: Shrubs @ the whole land [heart 7553 · winds 546 · stone 5589 · ironf 2695] | heart:gather_food ironf:raid_windstep stone:gather_food winds:gather_food
    Windstep lost 6% of its people to fighting, while Hearthwood grew by 5% on plentiful food.
T50 n Seeds on the Wind: Fruit bushes @ the whole land [heart 7269 · winds 535 · stone 5589 · ironf 2668] | heart:gather_food ironf:raid_windstep stone:gather_food winds:defend
    Fruit bushes: a quiet turn. No tribe gained or lost more than 5% of its people.
T51 p Forest Understory: Sparse growth @ the whole land [heart 7632 · winds 503 · stone 5589 · ironf 2588] | heart:gather_food ironf:raid_windstep stone:gather_food winds:defend
    Windstep lost 6% of its people to fighting.
T52 n Spreading Vegetation: Hardwood @ the whole land [heart 7632 · winds 473 · stone 5589 · ironf 2761] | heart:gather_food ironf:raid_windstep stone:gather_food winds:defend
    Windstep lost 6% of its people to fighting, while Ironfang grew by 7% on plentiful food.
T53 p Wild Harvest: Roots @ the north-western region [heart 7632 · winds 445 · stone 5589 · ironf 2678] | heart:gather_food ironf:raid_windstep stone:gather_food winds:gather_food
    Windstep lost 6% of its people to fighting.
T54 n Natural Shelter: Caves @ the whole land [heart 7632 · winds 418 · stone 5589 · ironf 2598] | heart:gather_food ironf:raid_windstep stone:gather_food winds:defend
    Windstep lost 6% of its people to fighting.
T55 p Snowfall: Blizzard @ the north-eastern region [heart 7211 · winds 393 · stone 4931 · ironf 2727] | heart:gather_food ironf:raid_windstep stone:gather_food winds:defend
    Stonehaven lost 12% of its people to hunger and cold as winter stores ran low.
      Windstep lost 6% of its people to fighting (418 → 393).
      Hearthwood lost 6% of its people to hunger and cold as winter stores ran low (7,632 → 7,211).
T56 n Sickness: Passing cough @ the north-western region [heart 5004 · winds 369 · stone 3602 · ironf 2598] | heart:gather_food ironf:raid_windstep stone:gather_food winds:gather_food
    Hearthwood lost a third of its people to hunger and cold as winter stores ran low.
      Stonehaven lost a quarter of its people to hunger and sickness as winter stores ran low (4,931 → 3,602).
      Windstep lost 6% of its people to fighting (393 → 369).
T57 p Season of Rain: Passing showers @ the northern region [heart 5004 · winds 362 · stone 3782 · ironf 2572] | heart:gather_food ironf:raid_windstep stone:gather_food winds:defend
    Passing showers: a quiet turn. No tribe gained or lost more than 5% of its people.
T58 n Erosion: Caves @ the whole land [heart 5004 · winds 340 · stone 3972 · ironf 2744] | heart:gather_food ironf:raid_windstep stone:gather_food winds:defend
    Windstep lost 6% of its people to fighting, while Ironfang grew by 7% on plentiful food.
      Stonehaven grew by 5% on plentiful food (3,782 → 3,972).
T59 p Lightning Season: Scattered strikes @ the western region [heart 5004 · winds 320 · stone 4170 · ironf 2662] | heart:gather_food ironf:raid_windstep stone:gather_food winds:defend
    Windstep lost 6% of its people to fighting.
T60 n Crop Pest: Locusts in the fields @ the north-western region [heart 5004 · winds 301 · stone 4379 · ironf 2582] | heart:gather_food ironf:raid_windstep stone:gather_food winds:defend
    Windstep lost 6% of its people to fighting, while Stonehaven grew by 5% on plentiful food.
T61 p Length of the Harvest: Short harvest @ the whole land [heart 5004 · winds — · stone 4007 · ironf 2911] | heart:gather_food ironf:raid_windstep stone:gather_food winds:defend
    Windstep was conquered by Ironfang.
      Ironfang grew by 13% by taking in another tribe (2,582 → 2,911).
      Hit by the short harvest, Stonehaven lost 8% of its people to hunger (4,379 → 4,007).
T62 n Herd Migration: Herds crowd the meadows @ the western region [heart 4704 · winds — · stone 3192 · ironf 3106] | heart:gather_food ironf:raid_hearthwood stone:gather_food
    Stonehaven lost a fifth of its people to hunger, while Ironfang grew by 7% on plentiful food.
      Hearthwood lost 6% of its people to fighting (5,004 → 4,704).
T63 p Deep Cold: Long freeze @ the whole land [heart 4704 · winds — · stone 2564 · ironf 3417] | heart:gather_food ironf:gather_food stone:gather_food
    Hit by the long freeze, Stonehaven lost a fifth of its people to hunger, while Ironfang grew by 10% on plentiful food.
T64 n Natural Shelter: Sheltered banks @ the whole land [heart 4054 · winds — · stone 2192 · ironf 3758] | heart:gather_food ironf:gather_food stone:gather_food
    Stonehaven lost 15% of its people to hunger as winter stores ran low, while Ironfang grew by 10% on plentiful food.
      Hearthwood lost 14% of its people to hunger as winter stores ran low (4,704 → 4,054).
T65 p Wildlife Recovery: Gradually @ the whole land [heart 4054 · winds — · stone 2192 · ironf 4130] | heart:gather_food ironf:research_fishing stone:gather_food
    Ironfang grew by 10% on plentiful food.
T66 n Fish Spawning: Great salmon run @ the northern region [heart 3811 · winds — · stone 2192 · ironf 4406] | heart:gather_food ironf:raid_hearthwood stone:fishery_at_2920
    Hearthwood lost 6% of its people to fighting, while Ironfang grew by 7% on plentiful food.
T67 p Season of Rain: Passing showers @ the northern region [heart 3735 · winds — · stone 2192 · ironf 4362] | heart:gather_food ironf:raid_hearthwood stone:farm_at_3977
    Passing showers: a quiet turn. No tribe gained or lost more than 5% of its people.
T68 n Changing Soil: Stony soil @ the western region [heart 3735 · winds — · stone 2192 · ironf 4798] | heart:defend ironf:farm_at_1165 stone:build_defenses
    Ironfang grew by 10% on plentiful food.
T69 p Wild Harvest: Mushrooms @ the eastern region [heart 4109 · winds — · stone 2411 · ironf 5278] | heart:defend ironf:relocate_to_3557 stone:build_defenses
    Hearthwood grew by 10% on plentiful food.
      Helped by the mushrooms, Ironfang grew by 10% on plentiful food (4,798 → 5,278).
      Stonehaven grew by 10% on plentiful food (2,192 → 2,411).
T70 n Landslide: Mudslide in the fields @ the north-eastern region [heart 4520 · winds — · stone 2652 · ironf 5542] | heart:defend ironf:housing_camp stone:defend
    Hearthwood grew by 10% on plentiful food.
      Stonehaven grew by 10% on plentiful food (2,411 → 2,652).
      Ironfang grew by 5% on plentiful food (5,278 → 5,542).
T71 p Shifting Edges: Forest expands @ the whole land [heart 4972 · winds — · stone 2917 · ironf 5755] | heart:defend ironf:housing_camp stone:defend
    Hearthwood grew by 10% on plentiful food.
      Stonehaven grew by 10% on plentiful food (2,652 → 2,917).
T72 n Windstorm Deposits: Driftwood @ the whole land [heart 5217 · winds — · stone 3209 · ironf 5967] | heart:gather_food ironf:gather_food stone:gather_timber
    Stonehaven grew by 10% on plentiful food.
T73 p Spreading Vegetation: Wild grain @ the whole land [heart 5478 · winds — · stone 3530 · ironf 6265] | heart:farm_at_6537 ironf:gather_food stone:farm_at_2769
    Stonehaven grew by 10% on plentiful food.
      Hearthwood grew by 5% on plentiful food (5,217 → 5,478).
T74 n River Flow: Steady flow @ the north-eastern region [heart 5752 · winds — · stone 3883 · ironf 5965] | heart:gather_food ironf:gather_food stone:research_fishing
    Stonehaven grew by 10% on plentiful food.
      Hearthwood grew by 5% on plentiful food (5,478 → 5,752).
T75 p Lightning Season: Scattered strikes @ the western region [heart 6039 · winds — · stone 4271 · ironf 5390] | heart:gather_food ironf:gather_food stone:research_masonry
    Ironfang lost 10% of its people to hunger, while Stonehaven grew by 10% on plentiful food.
T76 n A Thriving Species: Grazers @ the eastern region [heart 6341 · winds — · stone 4698 · ironf 5045] | heart:gather_food ironf:gather_food stone:research_continue
    Ironfang lost 6% of its people to hunger, while Stonehaven grew by 10% on plentiful food.
      Hearthwood grew by 5% on plentiful food (6,039 → 6,341).
T77 p Length of the Harvest: Long golden autumn @ the whole land [heart 6975 · winds — · stone 5168 · ironf 5298] | heart:housing_stone_at_7704 ironf:gather_food stone:housing_stone_at_3666
    Stonehaven grew by 10% on plentiful food.
      Hearthwood grew by 10% on plentiful food (6,341 → 6,975).
      Ironfang grew by 5% on plentiful food (5,045 → 5,298).
T78 n Before Winter: Long rains @ the whole land [heart 7673 · winds — · stone 5685 · ironf 5563] | heart:housing_wood_at_7708 ironf:gather_food stone:housing_wood_at_3817
    Hearthwood grew by 10% on plentiful food.
      Stonehaven grew by 10% on plentiful food (5,168 → 5,685).
      Ironfang grew by 5% on plentiful food (5,298 → 5,563).
T79 p Sickness: Plague @ the north-eastern region [heart 8318 · winds — · stone 6188 · ironf 3504] | heart:gather_food ironf:gather_food stone:gather_food
    Hit by the plague, Ironfang lost a third of its people to sickness, while Stonehaven grew by 9% on plentiful food.
      Hearthwood grew by 8% on plentiful food (7,673 → 8,318).
T80 n Recovery: Timber @ the whole land [heart 8584 · winds — · stone 6720 · ironf 3680] | heart:gather_food ironf:gather_food stone:repair_29
    Stonehaven grew by 9% on plentiful food.
      Ironfang grew by 5% on plentiful food (3,504 → 3,680).
T81 p The Thaw: Gradual thaw @ the north-eastern region [heart 8584 · winds — · stone 7392 · ironf 3864] | heart:gather_food ironf:farm_at_3556 stone:housing_wood_at_3968
    Stonehaven grew by 10% on plentiful food.
      Helped by the gradual thaw, Ironfang grew by 5% on plentiful food (3,680 → 3,864).
T82 n Recovering Ground: Grass @ the whole land [heart 8584 · winds — · stone 8131 · ironf 4057] | heart:gather_food ironf:gather_food stone:repair_20
    Stonehaven grew by 10% on plentiful food.
T83 p Crop Pest: Locusts in the fields @ the north-eastern region [heart 8584 · winds — · stone 8131 · ironf 4260] | heart:gather_food ironf:gather_food stone:gather_food
    Ironfang grew by 5% on plentiful food.
T84 n Forest Understory: Berries @ the whole land [heart 8584 · winds — · stone 8131 · ironf 4133] | heart:gather_food ironf:gather_food stone:gather_food
    Berries: a quiet turn. No tribe gained or lost more than 5% of its people.
T85 p Erosion: Fertile soil @ the whole land [heart 9013 · winds — · stone 8131 · ironf 3405] | heart:housing_stone_at_7855 ironf:gather_food stone:send_scouts
    Ironfang lost a fifth of its people to hunger.
T86 n Storm Season: Violent storms @ the north-eastern region [heart 9464 · winds — · stone 8131 · ironf 3213] | heart:housing_wood_at_7857 ironf:gather_food stone:found_settlement_at_1436
    Hit by the violent storms, Ironfang lost 6% of its people to cold, while Hearthwood grew by 5% on plentiful food.
T87 p Winter's Character: Bitter winter @ the south-western region [heart 9769 · winds — · stone 8792 · ironf 2708] | heart:gather_food ironf:gather_food stone:gather_food
    Ironfang lost 16% of its people to hunger and cold as winter stores ran low, while Stonehaven grew by 8% on plentiful food.
T88 n Snowfall: Blizzard @ the north-eastern region [heart 7760 · winds — · stone 8619 · ironf 1981] | heart:gather_food ironf:gather_food stone:gather_food
    Ironfang lost a quarter of its people to hunger and cold as winter stores ran low.
      Hit by the blizzard, Hearthwood lost a fifth of its people to hunger and cold (9,769 → 7,760).
T89 p Strong Winds: Rain clouds @ the whole land [heart 7672 · winds — · stone 8619 · ironf 1981] | heart:gather_food ironf:gather_food stone:gather_food
    Rain clouds: a quiet turn. No tribe gained or lost more than 5% of its people.
T90 n Seeds on the Wind: Lumber trees @ the whole land [heart 7672 · winds — · stone 8619 · ironf 1981] | heart:gather_food ironf:gather_food stone:gather_food
    Lumber trees: a quiet turn. No tribe gained or lost more than 5% of its people.
T91 p Summer Heat: Warm summer @ the north-eastern region [heart 7672 · winds — · stone 8619 · ironf 1981] | heart:gather_food ironf:farm_at_1316 stone:gather_food
    Warm summer: a quiet turn. No tribe gained or lost more than 5% of its people.
T92 n Storehouse Air: Cool nights @ the northern region [heart 8056 · winds — · stone 8619 · ironf 1981] | heart:gather_food ironf:repair_camp stone:found_settlement_at_1843
    Hearthwood grew by 5% on plentiful food.
T93 p Storm Season: Brief storms @ the south-western region [heart 8459 · winds — · stone 9050 · ironf 1981] | heart:gather_food ironf:repair_camp stone:housing_stone_at_1286
    Hearthwood grew by 5% on plentiful food.
      Stonehaven grew by 5% on plentiful food (8,619 → 9,050).
T94 n Herd Migration: Herds shelter in the forests @ the northern region [heart 8882 · winds — · stone 9502 · ironf 2179] | heart:gather_food ironf:gather_food stone:gather_food
    Ironfang grew by 10% on plentiful food.
      Hearthwood grew by 5% on plentiful food (8,459 → 8,882).
T95 p Winter Ice: Thick ice @ the whole land [heart 8085 · winds — · stone 9329 · ironf 2397] | heart:gather_food ironf:gather_food stone:gather_food
    Hearthwood lost 9% of its people to hunger and cold as winter stores ran low, while Ironfang grew by 10% on plentiful food.
T96 n Strong Winds: Fallen branches @ the whole land [heart 5585 · winds — · stone 7535 · ironf 2636] | heart:gather_food ironf:gather_food stone:gather_food
    Hearthwood lost a third of its people to hunger as winter stores ran low, while Ironfang grew by 10% on plentiful food.
      Stonehaven lost a fifth of its people to hunger and cold as winter stores ran low (9,329 → 7,535).
T97 p Pollinator Bloom: In the meadows @ the eastern region [heart 5585 · winds — · stone 7073 · ironf 2900] | heart:gather_food ironf:relocate_to_3414 stone:gather_food
    Stonehaven lost 6% of its people to hunger, while helped by the pollinator bloom, Ironfang grew by 10% on plentiful food.
T98 n The Thaw: Gradual thaw @ the north-eastern region [heart 5585 · winds — · stone 6572 · ironf 3190] | heart:gather_food ironf:farm_at_1465 stone:gather_food
    Stonehaven lost 7% of its people to hunger, while helped by the gradual thaw, Ironfang grew by 10% on plentiful food.
T99 p Storehouse Air: Rot in the stores @ the eastern region [heart 5585 · winds — · stone 6901 · ironf 3509] | heart:gather_food ironf:farm_at_3413 stone:gather_food
    Ironfang grew by 10% on plentiful food.
      Stonehaven grew by 5% on plentiful food (6,572 → 6,901).
T100 n Summer Heat: Warm summer @ the north-eastern region [heart 5864 · winds — · stone 7246 · ironf 3860] | heart:farm_at_6688 ironf:farm_at_3415 stone:gather_food
    Helped by the warm summer, Ironfang grew by 10% on plentiful food.
