T1 p Herd Migration: Herds crowd the meadows @ the south-western region [heart 1050 · winds 1127 · stone 1150 · ironf 1035] | heart:send_scouts ironf:raid_windstep stone:send_scouts winds:send_scouts
    Stonehaven grew by 15% on plentiful food.
      Windstep grew by 13% on plentiful food (1,000 → 1,127).
      Hearthwood grew by 5% on plentiful food (1,000 → 1,050).
T2 n Recovering Ground: Shrubs @ the whole land [heart 1102 · winds 1296 · stone 1322 · ironf 1086] | heart:found_settlement_at_11405 ironf:send_scouts stone:found_settlement_at_6937 winds:found_settlement_at_6937
    Windstep grew by 15% on plentiful food.
      Stonehaven grew by 15% on plentiful food (1,150 → 1,322).
T3 p Lightning Season: Forest fire @ the south-western region [heart 1157 · winds 1490 · stone 1520 · ironf 1141] | heart:found_settlement_at_12951 ironf:found_settlement_at_10895 stone:housing_stone_at_10373 winds:housing_camp
    Stonehaven grew by 15% on plentiful food.
      Windstep grew by 15% on plentiful food (1,296 → 1,490).
      Ironfang grew by 5% on plentiful food (1,086 → 1,141).
T4 n A Thriving Species: Pollinators @ the western region [heart 1331 · winds 1713 · stone 1748 · ironf 1198] | heart:farm_at_11402 ironf:research_agriculture stone:found_settlement_at_6937 winds:found_settlement_at_6937
    Helped by the pollinators, Hearthwood grew by 15% on plentiful food.
      Helped by the pollinators, Stonehaven grew by 15% on plentiful food (1,520 → 1,748).
      Windstep grew by 15% on plentiful food (1,490 → 1,713).
T5 p Length of the Harvest: Good harvest @ the whole land [heart 1530 · winds 1799 · stone 1836 · ironf 1258] | heart:farm_at_11553 ironf:research_continue stone:housing_stone_at_10673 winds:housing_camp
    Hearthwood grew by 15% on plentiful food.
      Stonehaven grew by 5% on plentiful food (1,748 → 1,836).
      Windstep grew by 5% on plentiful food (1,713 → 1,799).
      Ironfang grew by 5% on plentiful food (1,198 → 1,258).
T6 n Wild Harvest: Nuts @ the south-western region [heart 1760 · winds 1851 · stone 1928 · ironf 1188] | heart:housing_wood_at_12801 ironf:raid_windstep stone:found_settlement_at_6937 winds:found_settlement_at_6937
    Ironfang lost 6% of its people to fighting, while helped by the nuts, Hearthwood grew by 15% on plentiful food.
      Helped by the nuts, Stonehaven grew by 5% on plentiful food (1,836 → 1,928).
T7 p Deep Cold: Frozen larders @ the whole land [heart 1848 · winds 1944 · stone 2024 · ironf 1248] | heart:research_food_storage ironf:build_defenses stone:found_settlement_at_6937 winds:housing_camp
    Ironfang grew by 5% on plentiful food.
      Windstep grew by 5% on plentiful food (1,851 → 1,944).
      Hearthwood grew by 5% on plentiful food (1,760 → 1,848).
T8 n Shifting Edges: Mixed edge grows @ the whole land [heart 1940 · winds 2041 · stone 2125 · ironf 1310] | heart:housing_wood_at_12950 ironf:build_defenses stone:gather_food winds:found_settlement_at_7267
    Mixed edge grows: a quiet turn. No tribe gained or lost more than 5% of its people.
T9 p River Flow: Great flood @ the western region [heart 2037 · winds 2015 · stone 2231 · ironf 1334] | heart:research_continue ironf:raid_windstep stone:gather_food winds:gather_food
    Hearthwood grew by 5% on plentiful food.
T10 n Sickness: Passing cough @ the western region [heart 2139 · winds 2074 · stone 2249 · ironf 1262] | heart:research_continue ironf:raid_windstep stone:gather_food winds:gather_food
    Ironfang lost 5% of its people to fighting, while Hearthwood grew by 5% on plentiful food.
T11 p Forest Understory: Sparse growth @ the whole land [heart 2460 · winds 2177 · stone 2362 · ironf 1325] | heart:research_agriculture ironf:farm_at_10896 stone:gather_food winds:gather_food
    Hearthwood grew by 15% on plentiful food.
      Stonehaven grew by 5% on plentiful food (2,249 → 2,362).
T12 n Pollinator Bloom: On the riverbanks @ the western region [heart 2829 · winds 2286 · stone 1900 · ironf 1391] | heart:housing_wood_at_12952 ironf:farm_at_9378 stone:housing_stone_at_6787 winds:gather_food
    Stonehaven lost a fifth of its people to hunger, while Hearthwood grew by 15% on plentiful food.
      Helped by the pollinator bloom, Windstep grew by 5% on plentiful food (2,177 → 2,286).
T13 p Windstorm Deposits: Silt @ the whole land [heart 3253 · winds 2401 · stone 1748 · ironf 1600] | heart:gather_timber ironf:farm_at_10897 stone:gather_food winds:gather_food
    Stonehaven lost 8% of its people to hunger, while Ironfang grew by 15% on plentiful food.
      Hearthwood grew by 15% on plentiful food (2,829 → 3,253).
      Windstep grew by 5% on plentiful food (2,286 → 2,401).
T14 n Seeds on the Wind: Lumber trees @ the whole land [heart 3741 · winds 2521 · stone 1835 · ironf 1840] | heart:housing_wood_at_13101 ironf:housing_wood_at_9527 stone:gather_food winds:gather_food
    Hearthwood grew by 15% on plentiful food.
      Ironfang grew by 15% on plentiful food (1,600 → 1,840).
T15 p Winter Ice: Thin ice @ the whole land [heart 3928 · winds 2594 · stone 1731 · ironf 1738] | heart:housing_wood_at_13669 ironf:raid_windstep stone:gather_food winds:housing_camp
    Stonehaven lost 6% of its people to hunger as winter stores ran low.
      Ironfang lost 6% of its people to fighting (1,840 → 1,738).
T16 n Winter's Character: Bitter winter @ the southern region [heart 4125 · winds 2724 · stone 1600 · ironf 1825] | heart:gather_food ironf:gather_food stone:gather_food winds:gather_food
    Stonehaven lost 8% of its people to hunger as winter stores ran low, while Hearthwood grew by 5% on plentiful food.
      Windstep grew by 5% on plentiful food (2,594 → 2,724).
      Ironfang grew by 5% on plentiful food (1,738 → 1,825).
T17 p Spreading Vegetation: Reeds @ the whole land [heart 4331 · winds 2860 · stone 1583 · ironf 1916] | heart:housing_wood_at_13671 ironf:gather_food stone:gather_food winds:gather_food
    Reeds: a quiet turn. No tribe gained or lost more than 5% of its people.
T18 n Fish Spawning: Scattered spawning @ the western region [heart 4547 · winds 3003 · stone 1572 · ironf 2012] | heart:gather_food ironf:gather_food stone:gather_food winds:housing_camp
    Ironfang grew by 5% on plentiful food.
      Windstep grew by 5% on plentiful food (2,860 → 3,003).
T19 p Storehouse Air: Dry breeze @ the southern region [heart 4775 · winds 3153 · stone 1572 · ironf 2113] | heart:gather_food ironf:housing_wood_at_9529 stone:gather_food winds:gather_food
    Helped by the dry breeze, Ironfang grew by 5% on plentiful food.
      Hearthwood grew by 5% on plentiful food (4,547 → 4,775).
T20 n Erosion: Fertile soil @ the whole land [heart 5014 · winds 3311 · stone 1572 · ironf 2219] | heart:gather_food ironf:farm_at_11045 stone:gather_food winds:gather_food
    Ironfang grew by 5% on plentiful food.
      Windstep grew by 5% on plentiful food (3,153 → 3,311).
      Hearthwood grew by 5% on plentiful food (4,775 → 5,014).
T21 p Storm Season: Persistent storms @ the western region [heart 5264 · winds 2233 · stone 1572 · ironf 2474] | heart:housing_wood_at_13820 ironf:raid_windstep stone:gather_food winds:housing_camp
    Hit by the persistent storms, Windstep lost a third of its people to hunger and fighting, while Ironfang grew by 11% on plentiful food.
T22 n Natural Shelter: Dense groves @ the whole land [heart 5527 · winds 2233 · stone 1572 · ironf 2845] | heart:gather_food ironf:housing_wood_at_9678 stone:gather_food winds:gather_food
    Ironfang grew by 15% on plentiful food.
T23 p Recovery: Timber @ the whole land [heart 5804 · winds 2345 · stone 1572 · ironf 2988] | heart:gather_food ironf:housing_wood_at_10745 stone:gather_food winds:gather_food
    Ironfang grew by 5% on plentiful food.
      Windstep grew by 5% on plentiful food (2,233 → 2,345).
      Hearthwood grew by 5% on plentiful food (5,527 → 5,804).
T24 n Strong Winds: Fallen branches @ the whole land [heart 6094 · winds 2462 · stone 1572 · ironf 3120] | heart:gather_food ironf:gather_food stone:gather_food winds:gather_food
    Fallen branches: a quiet turn. No tribe gained or lost more than 5% of its people.
T25 p Landslide: Forest landslide @ the western region [heart 6399 · winds 2585 · stone 1572 · ironf 3276] | heart:gather_food ironf:housing_camp stone:gather_food winds:gather_food
    Hearthwood grew by 5% on plentiful food.
      Ironfang grew by 5% on plentiful food (3,120 → 3,276).
T26 n Wildlife Recovery: Gradually @ the whole land [heart 6054 · winds 2714 · stone 1572 · ironf 3440] | heart:housing_wood_at_11255 ironf:gather_food stone:gather_food winds:gather_food
    Hearthwood lost 5% of its people to hunger, while Ironfang grew by 5% on plentiful food.
T27 p Summer Heat: Warm summer @ the southern region [heart 6356 · winds 2850 · stone 1651 · ironf 3612] | heart:gather_food ironf:housing_wood_at_10894 stone:gather_food winds:gather_food
    Stonehaven grew by 5% on plentiful food.
      Helped by the warm summer, Windstep grew by 5% on plentiful food (2,714 → 2,850).
      Helped by the warm summer, Ironfang grew by 5% on plentiful food (3,440 → 3,612).
T28 n Season of Rain: Timely showers @ the southern region [heart 6674 · winds 2992 · stone 1733 · ironf 3793] | heart:gather_food ironf:farm_at_9228 stone:gather_food winds:gather_food
    Helped by the timely showers, Ironfang grew by 5% on plentiful food.
      Hearthwood grew by 5% on plentiful food (6,356 → 6,674).
T29 p Before Winter: Early frost @ the whole land [heart 6171 · winds 3142 · stone 1820 · ironf 3982] | heart:gather_food ironf:gather_food stone:gather_food winds:gather_food
    Hit by the early frost, Hearthwood lost 8% of its people to hunger, while Stonehaven grew by 5% on plentiful food.
      Windstep grew by 5% on plentiful food (2,992 → 3,142).
T30 n Changing Soil: Stony soil @ the western region [heart 6480 · winds 3299 · stone 1911 · ironf 4181] | heart:gather_food ironf:housing_camp stone:gather_food winds:gather_food
    Hearthwood grew by 5% on plentiful food.
      Stonehaven grew by 5% on plentiful food (1,820 → 1,911).
T31 p Snowfall: Blizzard @ the western region [heart 5468 · winds 3464 · stone 2007 · ironf 4390] | heart:gather_food ironf:gather_food stone:gather_food winds:gather_food
    Hearthwood lost 16% of its people to hunger as winter stores ran low, while Stonehaven grew by 5% on plentiful food.
      Windstep grew by 5% on plentiful food (3,299 → 3,464).
T32 n Deep Cold: Crisp and dry @ the whole land [heart 4511 · winds 3637 · stone 2107 · ironf 4610] | heart:gather_food ironf:gather_food stone:gather_food winds:gather_food
    Hearthwood lost a fifth of its people to hunger as winter stores ran low, while Ironfang grew by 5% on plentiful food.
T33 p The Thaw: Gradual thaw @ the south-western region [heart 4181 · winds 3819 · stone 2212 · ironf 4840] | heart:farm_at_12651 ironf:gather_food stone:gather_food winds:gather_food
    Hearthwood lost 7% of its people to hunger, while Windstep grew by 5% on plentiful food.
T34 n Seeds on the Wind: Fruit bushes @ the whole land [heart 4390 · winds 3588 · stone 2323 · ironf 4240] | heart:gather_food ironf:housing_camp stone:gather_food winds:housing_camp
    Ironfang lost 12% of its people to hunger, while Stonehaven grew by 5% on plentiful food.
      Windstep lost 6% of its people to hunger (3,819 → 3,588).
T35 p Crop Pest: Locusts in the fields @ the western region [heart 4609 · winds 3767 · stone 2439 · ironf 4452] | heart:gather_food ironf:gather_food stone:gather_food winds:gather_food
    Ironfang grew by 5% on plentiful food.
T36 n Fish Spawning: Scattered spawning @ the south-western region [heart 4840 · winds 3956 · stone 2561 · ironf 4675] | heart:gather_food ironf:gather_food stone:fishery_at_10374 winds:gather_food
    Windstep grew by 5% on plentiful food.
      Hearthwood grew by 5% on plentiful food (4,609 → 4,840).
      Ironfang grew by 5% on plentiful food (4,452 → 4,675).
      Stonehaven grew by 5% on plentiful food (2,439 → 2,561).
T37 p Herd Migration: Herds crowd the meadows @ the southern region [heart 5082 · winds 3905 · stone 2689 · ironf 4762] | heart:gather_food ironf:raid_windstep stone:gather_food winds:gather_food
    Hearthwood grew by 5% on plentiful food.
T38 n Landslide: Mudslide in the fields @ the western region [heart 5844 · winds 4100 · stone 2824 · ironf 5000] | heart:gather_food ironf:gather_food stone:gather_food winds:gather_food
    Hearthwood grew by 15% on plentiful food.
      Stonehaven grew by 5% on plentiful food (2,689 → 2,824).
T39 p Winter Ice: Thin ice @ the whole land [heart 6136 · winds 4305 · stone 2046 · ironf 5250] | heart:gather_food ironf:gather_food stone:housing_stone_at_6936 winds:gather_food
    Stonehaven lost a quarter of its people to hunger as winter stores ran low, while Windstep grew by 5% on plentiful food.
      Ironfang grew by 5% on plentiful food (5,000 → 5,250).
T40 n Recovery: Timber @ the whole land [heart 6443 · winds 4086 · stone 1870 · ironf 5512] | heart:gather_food ironf:gather_food stone:gather_food winds:gather_food
    Stonehaven lost 9% of its people to hunger as winter stores ran low, while Hearthwood grew by 5% on plentiful food.
      Windstep lost 5% of its people to hunger as winter stores ran low (4,305 → 4,086).
T41 p Recovering Ground: Shrubs @ the whole land [heart 6765 · winds 4011 · stone 1870 · ironf 5253] | heart:gather_food ironf:gather_food stone:gather_food winds:gather_food
    Shrubs: a quiet turn. No tribe gained or lost more than 5% of its people.
T42 n Pollinator Bloom: Along forest edges @ the western region [heart 8871 · winds 4011 · stone — · ironf 4894] | heart:gather_food ironf:gather_food stone:accept_union_hearthwood winds:gather_food
    Stonehaven joined Hearthwood, ending its own story.
      Hearthwood grew by a third by taking in another tribe (6,765 → 8,871).
      Ironfang lost 7% of its people to hunger (5,253 → 4,894).
T43 p Storehouse Air: Dry breeze @ the western region [heart 9314 · winds 4011 · stone — · ironf 5139] | heart:gather_food ironf:gather_food winds:gather_food
    Ironfang grew by 5% on plentiful food.
T44 n Lightning Season: Scattered strikes @ the south-western region [heart 9780 · winds 4212 · stone — · ironf 5396] | heart:gather_food ironf:gather_food winds:gather_food
    Windstep grew by 5% on plentiful food.
      Hearthwood grew by 5% on plentiful food (9,314 → 9,780).
      Ironfang grew by 5% on plentiful food (5,139 → 5,396).
T45 p Wild Harvest: Nuts @ the south-western region [heart 10269 · winds 4422 · stone — · ironf 5666] | heart:gather_food ironf:gather_food winds:gather_food
    Ironfang grew by 5% on plentiful food.
      Helped by the nuts, Hearthwood grew by 5% on plentiful food (9,780 → 10,269).
T46 n Length of the Harvest: Short harvest @ the whole land [heart 8882 · winds 4643 · stone — · ironf 4247] | heart:gather_food ironf:housing_camp winds:housing_camp
    Hit by the short harvest, Ironfang lost a quarter of its people to hunger.
      Hit by the short harvest, Hearthwood lost 14% of its people to hunger (10,269 → 8,882).
T47 p Natural Shelter: Sheltered banks @ the whole land [heart 6535 · winds 4875 · stone — · ironf 3360] | heart:gather_food ironf:gather_food winds:gather_food
    Hearthwood lost a quarter of its people to hunger as winter stores ran low.
      Ironfang lost a fifth of its people to hunger as winter stores ran low (4,247 → 3,360).
T48 n Storm Season: Violent storms @ the western region [heart 5367 · winds 4805 · stone — · ironf 3076] | heart:gather_food ironf:gather_food winds:gather_food
    Hit by the violent storms, Hearthwood lost a fifth of its people to hunger.
      Ironfang lost 8% of its people to hunger as winter stores ran low (3,360 → 3,076).
T49 p Season of Rain: Gentle rains @ the southern region [heart 5367 · winds 4605 · stone — · ironf 3076] | heart:gather_food ironf:farm_at_9377 winds:gather_food
    Gentle rains: a quiet turn. No tribe gained or lost more than 5% of its people.
T50 n Windstorm Deposits: Seeds @ the whole land [heart 5367 · winds 4512 · stone — · ironf 3076] | heart:gather_food ironf:gather_food winds:gather_food
    Seeds: a quiet turn. No tribe gained or lost more than 5% of its people.
